[0.011s] Invoking command in '/home/sudiptabhattacharyareet/ART_Rover_Health_Monitor_Mini_Project/build/health_monitor': CMAKE_PREFIX_PATH=/opt/ros/humble /usr/bin/cmake /home/sudiptabhattacharyareet/ART_Rover_Health_Monitor_Mini_Project/src/health_monitor -DCMAKE_INSTALL_PREFIX=/home/sudiptabhattacharyareet/ART_Rover_Health_Monitor_Mini_Project/install/health_monitor
[0.209s] -- The C compiler identification is GNU 11.4.0
[0.315s] -- The CXX compiler identification is GNU 11.4.0
[0.319s] -- Detecting C compiler ABI info
[0.354s] -- Detecting C compiler ABI info - done
[0.355s] -- Check for working C compiler: /usr/bin/cc - skipped
[0.355s] -- Detecting C compile features
[0.356s] -- Detecting C compile features - done
[0.358s] -- Detecting CXX compiler ABI info
[0.391s] -- Detecting CXX compiler ABI info - done
[0.394s] -- Check for working CXX compiler: /usr/bin/c++ - skipped
[0.395s] -- Detecting CXX compile features
[0.395s] -- Detecting CXX compile features - done
[0.399s] -- Found ament_cmake: 1.3.14 (/opt/ros/humble/share/ament_cmake/cmake)
[0.459s] -- Found Python3: /usr/bin/python3 (found version "3.10.12") found components: Interpreter 
[0.515s] -- Found rclcpp: 16.0.19 (/opt/ros/humble/share/rclcpp/cmake)
[0.539s] -- Found rosidl_generator_c: 3.1.8 (/opt/ros/humble/share/rosidl_generator_c/cmake)
[0.541s] -- Found rosidl_adapter: 3.1.8 (/opt/ros/humble/share/rosidl_adapter/cmake)
[0.545s] -- Found rosidl_generator_cpp: 3.1.8 (/opt/ros/humble/share/rosidl_generator_cpp/cmake)
[0.552s] -- Using all available rosidl_typesupport_c: rosidl_typesupport_fastrtps_c;rosidl_typesupport_introspection_c
[0.559s] -- Using all available rosidl_typesupport_cpp: rosidl_typesupport_fastrtps_cpp;rosidl_typesupport_introspection_cpp
[0.581s] -- Found rmw_implementation_cmake: 6.1.2 (/opt/ros/humble/share/rmw_implementation_cmake/cmake)
[0.582s] -- Found rmw_fastrtps_cpp: 6.2.10 (/opt/ros/humble/share/rmw_fastrtps_cpp/cmake)
[0.620s] -- Found OpenSSL: /usr/lib/aarch64-linux-gnu/libcrypto.so (found version "3.0.2")  
[0.628s] -- Found FastRTPS: /opt/ros/humble/include  
[0.640s] -- Using RMW implementation 'rmw_fastrtps_cpp' as default
[0.646s] -- Looking for pthread.h
[0.688s] -- Looking for pthread.h - found
[0.688s] -- Performing Test CMAKE_HAVE_LIBC_PTHREAD
[0.719s] -- Performing Test CMAKE_HAVE_LIBC_PTHREAD - Success
[0.719s] -- Found Threads: TRUE  
[0.747s] -- Found ament_lint_auto: 0.12.15 (/opt/ros/humble/share/ament_lint_auto/cmake)
[0.781s] -- Added test 'lint_cmake' to check CMake code style
[0.782s] -- Added test 'xmllint' to check XML markup files
[0.783s] -- Configuring done
[0.788s] -- Generating done
[0.791s] -- Build files have been written to: /home/sudiptabhattacharyareet/ART_Rover_Health_Monitor_Mini_Project/build/health_monitor
[0.794s] Invoked command in '/home/sudiptabhattacharyareet/ART_Rover_Health_Monitor_Mini_Project/build/health_monitor' returned '0': CMAKE_PREFIX_PATH=/opt/ros/humble /usr/bin/cmake /home/sudiptabhattacharyareet/ART_Rover_Health_Monitor_Mini_Project/src/health_monitor -DCMAKE_INSTALL_PREFIX=/home/sudiptabhattacharyareet/ART_Rover_Health_Monitor_Mini_Project/install/health_monitor
[0.795s] Invoking command in '/home/sudiptabhattacharyareet/ART_Rover_Health_Monitor_Mini_Project/build/health_monitor': CMAKE_PREFIX_PATH=/opt/ros/humble /usr/bin/cmake --build /home/sudiptabhattacharyareet/ART_Rover_Health_Monitor_Mini_Project/build/health_monitor -- -j8 -l8
[0.814s] Invoked command in '/home/sudiptabhattacharyareet/ART_Rover_Health_Monitor_Mini_Project/build/health_monitor' returned '0': CMAKE_PREFIX_PATH=/opt/ros/humble /usr/bin/cmake --build /home/sudiptabhattacharyareet/ART_Rover_Health_Monitor_Mini_Project/build/health_monitor -- -j8 -l8
[0.814s] Invoking command in '/home/sudiptabhattacharyareet/ART_Rover_Health_Monitor_Mini_Project/build/health_monitor': CMAKE_PREFIX_PATH=/opt/ros/humble /usr/bin/cmake --install /home/sudiptabhattacharyareet/ART_Rover_Health_Monitor_Mini_Project/build/health_monitor
[0.816s] -- Install configuration: ""
[0.817s] -- Installing: /home/sudiptabhattacharyareet/ART_Rover_Health_Monitor_Mini_Project/install/health_monitor/share/ament_index/resource_index/package_run_dependencies/health_monitor
[0.818s] -- Installing: /home/sudiptabhattacharyareet/ART_Rover_Health_Monitor_Mini_Project/install/health_monitor/share/ament_index/resource_index/parent_prefix_path/health_monitor
[0.818s] -- Installing: /home/sudiptabhattacharyareet/ART_Rover_Health_Monitor_Mini_Project/install/health_monitor/share/health_monitor/environment/ament_prefix_path.sh
[0.818s] -- Installing: /home/sudiptabhattacharyareet/ART_Rover_Health_Monitor_Mini_Project/install/health_monitor/share/health_monitor/environment/ament_prefix_path.dsv
[0.819s] -- Installing: /home/sudiptabhattacharyareet/ART_Rover_Health_Monitor_Mini_Project/install/health_monitor/share/health_monitor/environment/path.sh
[0.819s] -- Installing: /home/sudiptabhattacharyareet/ART_Rover_Health_Monitor_Mini_Project/install/health_monitor/share/health_monitor/environment/path.dsv
[0.819s] -- Installing: /home/sudiptabhattacharyareet/ART_Rover_Health_Monitor_Mini_Project/install/health_monitor/share/health_monitor/local_setup.bash
[0.819s] -- Installing: /home/sudiptabhattacharyareet/ART_Rover_Health_Monitor_Mini_Project/install/health_monitor/share/health_monitor/local_setup.sh
[0.819s] -- Installing: /home/sudiptabhattacharyareet/ART_Rover_Health_Monitor_Mini_Project/install/health_monitor/share/health_monitor/local_setup.zsh
[0.820s] -- Installing: /home/sudiptabhattacharyareet/ART_Rover_Health_Monitor_Mini_Project/install/health_monitor/share/health_monitor/local_setup.dsv
[0.820s] -- Installing: /home/sudiptabhattacharyareet/ART_Rover_Health_Monitor_Mini_Project/install/health_monitor/share/health_monitor/package.dsv
[0.820s] -- Installing: /home/sudiptabhattacharyareet/ART_Rover_Health_Monitor_Mini_Project/install/health_monitor/share/ament_index/resource_index/packages/health_monitor
[0.821s] -- Installing: /home/sudiptabhattacharyareet/ART_Rover_Health_Monitor_Mini_Project/install/health_monitor/share/health_monitor/cmake/health_monitorConfig.cmake
[0.821s] -- Installing: /home/sudiptabhattacharyareet/ART_Rover_Health_Monitor_Mini_Project/install/health_monitor/share/health_monitor/cmake/health_monitorConfig-version.cmake
[0.821s] -- Installing: /home/sudiptabhattacharyareet/ART_Rover_Health_Monitor_Mini_Project/install/health_monitor/share/health_monitor/package.xml
[0.833s] Invoked command in '/home/sudiptabhattacharyareet/ART_Rover_Health_Monitor_Mini_Project/build/health_monitor' returned '0': CMAKE_PREFIX_PATH=/opt/ros/humble /usr/bin/cmake --install /home/sudiptabhattacharyareet/ART_Rover_Health_Monitor_Mini_Project/build/health_monitor
