[0.009s] Invoking command in '/home/sudiptabhattacharyareet/ART_Rover_Health_Monitor_Mini_Project/build/rover_telemetry': CMAKE_PREFIX_PATH=${CMAKE_PREFIX_PATH}:/opt/ros/humble /usr/bin/cmake --build /home/sudiptabhattacharyareet/ART_Rover_Health_Monitor_Mini_Project/build/rover_telemetry -- -j8 -l8
[0.114s] [ 25%] [32mBuilding CXX object CMakeFiles/rover_telemetry.dir/src/main.cpp.o[0m
[0.116s] [ 50%] [32mBuilding CXX object CMakeFiles/rover_telemetry.dir/src/TelemetrySubsystem.cpp.o[0m
[0.117s] [ 75%] [32mBuilding CXX object CMakeFiles/rover_telemetry.dir/src/TelemetryNode.cpp.o[0m
[3.058s] [100%] [32m[1mLinking CXX executable rover_telemetry[0m
[3.174s] [100%] Built target rover_telemetry
[3.182s] Invoked command in '/home/sudiptabhattacharyareet/ART_Rover_Health_Monitor_Mini_Project/build/rover_telemetry' returned '0': CMAKE_PREFIX_PATH=${CMAKE_PREFIX_PATH}:/opt/ros/humble /usr/bin/cmake --build /home/sudiptabhattacharyareet/ART_Rover_Health_Monitor_Mini_Project/build/rover_telemetry -- -j8 -l8
[3.186s] Invoking command in '/home/sudiptabhattacharyareet/ART_Rover_Health_Monitor_Mini_Project/build/rover_telemetry': CMAKE_PREFIX_PATH=${CMAKE_PREFIX_PATH}:/opt/ros/humble /usr/bin/cmake --install /home/sudiptabhattacharyareet/ART_Rover_Health_Monitor_Mini_Project/build/rover_telemetry
[3.189s] -- Install configuration: ""
[3.190s] -- Execute custom install script
[3.190s] -- Up-to-date symlink: /home/sudiptabhattacharyareet/ART_Rover_Health_Monitor_Mini_Project/install/rover_telemetry/lib/rover_telemetry/rover_telemetry
[3.190s] -- Up-to-date symlink: /home/sudiptabhattacharyareet/ART_Rover_Health_Monitor_Mini_Project/install/rover_telemetry/share/ament_index/resource_index/package_run_dependencies/rover_telemetry
[3.190s] -- Up-to-date symlink: /home/sudiptabhattacharyareet/ART_Rover_Health_Monitor_Mini_Project/install/rover_telemetry/share/ament_index/resource_index/parent_prefix_path/rover_telemetry
[3.191s] -- Up-to-date symlink: /home/sudiptabhattacharyareet/ART_Rover_Health_Monitor_Mini_Project/install/rover_telemetry/share/rover_telemetry/environment/ament_prefix_path.sh
[3.191s] -- Up-to-date symlink: /home/sudiptabhattacharyareet/ART_Rover_Health_Monitor_Mini_Project/install/rover_telemetry/share/rover_telemetry/environment/ament_prefix_path.dsv
[3.191s] -- Up-to-date symlink: /home/sudiptabhattacharyareet/ART_Rover_Health_Monitor_Mini_Project/install/rover_telemetry/share/rover_telemetry/environment/path.sh
[3.191s] -- Up-to-date symlink: /home/sudiptabhattacharyareet/ART_Rover_Health_Monitor_Mini_Project/install/rover_telemetry/share/rover_telemetry/environment/path.dsv
[3.191s] -- Up-to-date symlink: /home/sudiptabhattacharyareet/ART_Rover_Health_Monitor_Mini_Project/install/rover_telemetry/share/rover_telemetry/local_setup.bash
[3.191s] -- Up-to-date symlink: /home/sudiptabhattacharyareet/ART_Rover_Health_Monitor_Mini_Project/install/rover_telemetry/share/rover_telemetry/local_setup.sh
[3.191s] -- Up-to-date symlink: /home/sudiptabhattacharyareet/ART_Rover_Health_Monitor_Mini_Project/install/rover_telemetry/share/rover_telemetry/local_setup.zsh
[3.191s] -- Up-to-date symlink: /home/sudiptabhattacharyareet/ART_Rover_Health_Monitor_Mini_Project/install/rover_telemetry/share/rover_telemetry/local_setup.dsv
[3.191s] -- Symlinking: /home/sudiptabhattacharyareet/ART_Rover_Health_Monitor_Mini_Project/install/rover_telemetry/share/rover_telemetry/package.dsv
[3.194s] -- Up-to-date symlink: /home/sudiptabhattacharyareet/ART_Rover_Health_Monitor_Mini_Project/install/rover_telemetry/share/ament_index/resource_index/packages/rover_telemetry
[3.194s] -- Up-to-date symlink: /home/sudiptabhattacharyareet/ART_Rover_Health_Monitor_Mini_Project/install/rover_telemetry/share/rover_telemetry/cmake/rover_telemetryConfig.cmake
[3.194s] -- Up-to-date symlink: /home/sudiptabhattacharyareet/ART_Rover_Health_Monitor_Mini_Project/install/rover_telemetry/share/rover_telemetry/cmake/rover_telemetryConfig-version.cmake
[3.194s] -- Up-to-date symlink: /home/sudiptabhattacharyareet/ART_Rover_Health_Monitor_Mini_Project/install/rover_telemetry/share/rover_telemetry/package.xml
[3.195s] Invoked command in '/home/sudiptabhattacharyareet/ART_Rover_Health_Monitor_Mini_Project/build/rover_telemetry' returned '0': CMAKE_PREFIX_PATH=${CMAKE_PREFIX_PATH}:/opt/ros/humble /usr/bin/cmake --install /home/sudiptabhattacharyareet/ART_Rover_Health_Monitor_Mini_Project/build/rover_telemetry
