[0.008s] Invoking command in '/home/sudiptabhattacharyareet/ART_Rover_Health_Monitor_Mini_Project/build/rover_telemetry': CMAKE_PREFIX_PATH=/opt/ros/humble /usr/bin/cmake /home/sudiptabhattacharyareet/ART_Rover_Health_Monitor_Mini_Project/src/rover_telemetry -DCMAKE_INSTALL_PREFIX=/home/sudiptabhattacharyareet/ART_Rover_Health_Monitor_Mini_Project/install/rover_telemetry
[0.205s] -- The C compiler identification is GNU 11.4.0
[0.310s] -- The CXX compiler identification is GNU 11.4.0
[0.315s] -- Detecting C compiler ABI info
[0.350s] -- Detecting C compiler ABI info - done
[0.351s] -- Check for working C compiler: /usr/bin/cc - skipped
[0.351s] -- Detecting C compile features
[0.352s] -- Detecting C compile features - done
[0.355s] -- Detecting CXX compiler ABI info
[0.388s] -- Detecting CXX compiler ABI info - done
[0.391s] -- Check for working CXX compiler: /usr/bin/c++ - skipped
[0.391s] -- Detecting CXX compile features
[0.391s] -- Detecting CXX compile features - done
[0.395s] -- Found ament_cmake: 1.3.14 (/opt/ros/humble/share/ament_cmake/cmake)
[0.455s] -- Found Python3: /usr/bin/python3 (found version "3.10.12") found components: Interpreter 
[0.511s] -- Found rclcpp: 16.0.19 (/opt/ros/humble/share/rclcpp/cmake)
[0.535s] -- Found rosidl_generator_c: 3.1.8 (/opt/ros/humble/share/rosidl_generator_c/cmake)
[0.538s] -- Found rosidl_adapter: 3.1.8 (/opt/ros/humble/share/rosidl_adapter/cmake)
[0.541s] -- Found rosidl_generator_cpp: 3.1.8 (/opt/ros/humble/share/rosidl_generator_cpp/cmake)
[0.548s] -- Using all available rosidl_typesupport_c: rosidl_typesupport_fastrtps_c;rosidl_typesupport_introspection_c
[0.554s] -- Using all available rosidl_typesupport_cpp: rosidl_typesupport_fastrtps_cpp;rosidl_typesupport_introspection_cpp
[0.577s] -- Found rmw_implementation_cmake: 6.1.2 (/opt/ros/humble/share/rmw_implementation_cmake/cmake)
[0.578s] -- Found rmw_fastrtps_cpp: 6.2.10 (/opt/ros/humble/share/rmw_fastrtps_cpp/cmake)
[0.616s] -- Found OpenSSL: /usr/lib/aarch64-linux-gnu/libcrypto.so (found version "3.0.2")  
[0.624s] -- Found FastRTPS: /opt/ros/humble/include  
[0.637s] -- Using RMW implementation 'rmw_fastrtps_cpp' as default
[0.642s] -- Looking for pthread.h
[0.684s] -- Looking for pthread.h - found
[0.685s] -- Performing Test CMAKE_HAVE_LIBC_PTHREAD
[0.714s] -- Performing Test CMAKE_HAVE_LIBC_PTHREAD - Success
[0.715s] -- Found Threads: TRUE  
[0.742s] -- Found ament_lint_auto: 0.12.15 (/opt/ros/humble/share/ament_lint_auto/cmake)
[0.777s] -- Added test 'lint_cmake' to check CMake code style
[0.777s] -- Added test 'xmllint' to check XML markup files
[0.779s] -- Configuring done
[0.783s] -- Generating done
[0.786s] -- Build files have been written to: /home/sudiptabhattacharyareet/ART_Rover_Health_Monitor_Mini_Project/build/rover_telemetry
[0.791s] Invoked command in '/home/sudiptabhattacharyareet/ART_Rover_Health_Monitor_Mini_Project/build/rover_telemetry' returned '0': CMAKE_PREFIX_PATH=/opt/ros/humble /usr/bin/cmake /home/sudiptabhattacharyareet/ART_Rover_Health_Monitor_Mini_Project/src/rover_telemetry -DCMAKE_INSTALL_PREFIX=/home/sudiptabhattacharyareet/ART_Rover_Health_Monitor_Mini_Project/install/rover_telemetry
[0.792s] Invoking command in '/home/sudiptabhattacharyareet/ART_Rover_Health_Monitor_Mini_Project/build/rover_telemetry': CMAKE_PREFIX_PATH=/opt/ros/humble /usr/bin/cmake --build /home/sudiptabhattacharyareet/ART_Rover_Health_Monitor_Mini_Project/build/rover_telemetry -- -j8 -l8
[0.806s] Invoked command in '/home/sudiptabhattacharyareet/ART_Rover_Health_Monitor_Mini_Project/build/rover_telemetry' returned '0': CMAKE_PREFIX_PATH=/opt/ros/humble /usr/bin/cmake --build /home/sudiptabhattacharyareet/ART_Rover_Health_Monitor_Mini_Project/build/rover_telemetry -- -j8 -l8
[0.809s] Invoking command in '/home/sudiptabhattacharyareet/ART_Rover_Health_Monitor_Mini_Project/build/rover_telemetry': CMAKE_PREFIX_PATH=/opt/ros/humble /usr/bin/cmake --install /home/sudiptabhattacharyareet/ART_Rover_Health_Monitor_Mini_Project/build/rover_telemetry
[0.812s] -- Install configuration: ""
[0.813s] -- Installing: /home/sudiptabhattacharyareet/ART_Rover_Health_Monitor_Mini_Project/install/rover_telemetry/share/ament_index/resource_index/package_run_dependencies/rover_telemetry
[0.813s] -- Installing: /home/sudiptabhattacharyareet/ART_Rover_Health_Monitor_Mini_Project/install/rover_telemetry/share/ament_index/resource_index/parent_prefix_path/rover_telemetry
[0.814s] -- Installing: /home/sudiptabhattacharyareet/ART_Rover_Health_Monitor_Mini_Project/install/rover_telemetry/share/rover_telemetry/environment/ament_prefix_path.sh
[0.814s] -- Installing: /home/sudiptabhattacharyareet/ART_Rover_Health_Monitor_Mini_Project/install/rover_telemetry/share/rover_telemetry/environment/ament_prefix_path.dsv
[0.814s] -- Installing: /home/sudiptabhattacharyareet/ART_Rover_Health_Monitor_Mini_Project/install/rover_telemetry/share/rover_telemetry/environment/path.sh
[0.814s] -- Installing: /home/sudiptabhattacharyareet/ART_Rover_Health_Monitor_Mini_Project/install/rover_telemetry/share/rover_telemetry/environment/path.dsv
[0.815s] -- Installing: /home/sudiptabhattacharyareet/ART_Rover_Health_Monitor_Mini_Project/install/rover_telemetry/share/rover_telemetry/local_setup.bash
[0.815s] -- Installing: /home/sudiptabhattacharyareet/ART_Rover_Health_Monitor_Mini_Project/install/rover_telemetry/share/rover_telemetry/local_setup.sh
[0.815s] -- Installing: /home/sudiptabhattacharyareet/ART_Rover_Health_Monitor_Mini_Project/install/rover_telemetry/share/rover_telemetry/local_setup.zsh
[0.815s] -- Installing: /home/sudiptabhattacharyareet/ART_Rover_Health_Monitor_Mini_Project/install/rover_telemetry/share/rover_telemetry/local_setup.dsv
[0.816s] -- Installing: /home/sudiptabhattacharyareet/ART_Rover_Health_Monitor_Mini_Project/install/rover_telemetry/share/rover_telemetry/package.dsv
[0.816s] -- Installing: /home/sudiptabhattacharyareet/ART_Rover_Health_Monitor_Mini_Project/install/rover_telemetry/share/ament_index/resource_index/packages/rover_telemetry
[0.816s] -- Installing: /home/sudiptabhattacharyareet/ART_Rover_Health_Monitor_Mini_Project/install/rover_telemetry/share/rover_telemetry/cmake/rover_telemetryConfig.cmake
[0.816s] -- Installing: /home/sudiptabhattacharyareet/ART_Rover_Health_Monitor_Mini_Project/install/rover_telemetry/share/rover_telemetry/cmake/rover_telemetryConfig-version.cmake
[0.816s] -- Installing: /home/sudiptabhattacharyareet/ART_Rover_Health_Monitor_Mini_Project/install/rover_telemetry/share/rover_telemetry/package.xml
[0.818s] Invoked command in '/home/sudiptabhattacharyareet/ART_Rover_Health_Monitor_Mini_Project/build/rover_telemetry' returned '0': CMAKE_PREFIX_PATH=/opt/ros/humble /usr/bin/cmake --install /home/sudiptabhattacharyareet/ART_Rover_Health_Monitor_Mini_Project/build/rover_telemetry
