[35m[1mConsolidate compiler generated dependencies of target rover_telemetry[0m
[100%] Built target rover_telemetry
-- Install configuration: ""
-- Execute custom install script
-- Up-to-date symlink: /home/sudiptabhattacharyareet/ART_Rover_Health_Monitor_Mini_Project/install/rover_telemetry/lib/rover_telemetry/rover_telemetry
-- Up-to-date symlink: /home/sudiptabhattacharyareet/ART_Rover_Health_Monitor_Mini_Project/install/rover_telemetry/share/ament_index/resource_index/package_run_dependencies/rover_telemetry
-- Up-to-date symlink: /home/sudiptabhattacharyareet/ART_Rover_Health_Monitor_Mini_Project/install/rover_telemetry/share/ament_index/resource_index/parent_prefix_path/rover_telemetry
-- Up-to-date symlink: /home/sudiptabhattacharyareet/ART_Rover_Health_Monitor_Mini_Project/install/rover_telemetry/share/rover_telemetry/environment/ament_prefix_path.sh
-- Up-to-date symlink: /home/sudiptabhattacharyareet/ART_Rover_Health_Monitor_Mini_Project/install/rover_telemetry/share/rover_telemetry/environment/ament_prefix_path.dsv
-- Up-to-date symlink: /home/sudiptabhattacharyareet/ART_Rover_Health_Monitor_Mini_Project/install/rover_telemetry/share/rover_telemetry/environment/path.sh
-- Up-to-date symlink: /home/sudiptabhattacharyareet/ART_Rover_Health_Monitor_Mini_Project/install/rover_telemetry/share/rover_telemetry/environment/path.dsv
-- Up-to-date symlink: /home/sudiptabhattacharyareet/ART_Rover_Health_Monitor_Mini_Project/install/rover_telemetry/share/rover_telemetry/local_setup.bash
-- Up-to-date symlink: /home/sudiptabhattacharyareet/ART_Rover_Health_Monitor_Mini_Project/install/rover_telemetry/share/rover_telemetry/local_setup.sh
-- Up-to-date symlink: /home/sudiptabhattacharyareet/ART_Rover_Health_Monitor_Mini_Project/install/rover_telemetry/share/rover_telemetry/local_setup.zsh
-- Up-to-date symlink: /home/sudiptabhattacharyareet/ART_Rover_Health_Monitor_Mini_Project/install/rover_telemetry/share/rover_telemetry/local_setup.dsv
-- Symlinking: /home/sudiptabhattacharyareet/ART_Rover_Health_Monitor_Mini_Project/install/rover_telemetry/share/rover_telemetry/package.dsv
-- Up-to-date symlink: /home/sudiptabhattacharyareet/ART_Rover_Health_Monitor_Mini_Project/install/rover_telemetry/share/ament_index/resource_index/packages/rover_telemetry
-- Up-to-date symlink: /home/sudiptabhattacharyareet/ART_Rover_Health_Monitor_Mini_Project/install/rover_telemetry/share/rover_telemetry/cmake/rover_telemetryConfig.cmake
-- Up-to-date symlink: /home/sudiptabhattacharyareet/ART_Rover_Health_Monitor_Mini_Project/install/rover_telemetry/share/rover_telemetry/cmake/rover_telemetryConfig-version.cmake
-- Up-to-date symlink: /home/sudiptabhattacharyareet/ART_Rover_Health_Monitor_Mini_Project/install/rover_telemetry/share/rover_telemetry/package.xml
