-- The C compiler identification is GNU 11.4.0
-- The CXX compiler identification is GNU 11.4.0
-- Detecting C compiler ABI info
-- Detecting C compiler ABI info - done
-- Check for working C compiler: /usr/bin/cc - skipped
-- Detecting C compile features
-- Detecting C compile features - done
-- Detecting CXX compiler ABI info
-- Detecting CXX compiler ABI info - done
-- Check for working CXX compiler: /usr/bin/c++ - skipped
-- Detecting CXX compile features
-- Detecting CXX compile features - done
-- Found ament_cmake: 1.3.14 (/opt/ros/humble/share/ament_cmake/cmake)
-- Found Python3: /usr/bin/python3 (found version "3.10.12") found components: Interpreter 
-- Override CMake install command with custom implementation using symlinks instead of copying resources
-- Found rclcpp: 16.0.19 (/opt/ros/humble/share/rclcpp/cmake)
-- Found rosidl_generator_c: 3.1.8 (/opt/ros/humble/share/rosidl_generator_c/cmake)
-- Found rosidl_adapter: 3.1.8 (/opt/ros/humble/share/rosidl_adapter/cmake)
-- Found rosidl_generator_cpp: 3.1.8 (/opt/ros/humble/share/rosidl_generator_cpp/cmake)
-- Using all available rosidl_typesupport_c: rosidl_typesupport_fastrtps_c;rosidl_typesupport_introspection_c
-- Using all available rosidl_typesupport_cpp: rosidl_typesupport_fastrtps_cpp;rosidl_typesupport_introspection_cpp
-- Found rmw_implementation_cmake: 6.1.2 (/opt/ros/humble/share/rmw_implementation_cmake/cmake)
-- Found rmw_fastrtps_cpp: 6.2.10 (/opt/ros/humble/share/rmw_fastrtps_cpp/cmake)
-- Found OpenSSL: /usr/lib/aarch64-linux-gnu/libcrypto.so (found version "3.0.2")  
-- Found FastRTPS: /opt/ros/humble/include  
-- Using RMW implementation 'rmw_fastrtps_cpp' as default
-- Looking for pthread.h
-- Looking for pthread.h - found
-- Performing Test CMAKE_HAVE_LIBC_PTHREAD
-- Performing Test CMAKE_HAVE_LIBC_PTHREAD - Success
-- Found Threads: TRUE  
-- Configuring done
-- Generating done
-- Build files have been written to: /home/sudiptabhattacharyareet/ART_Rover_Health_Monitor_Mini_Project/build/rover_telemetry
[ 25%] [32mBuilding CXX object CMakeFiles/rover_telemetry.dir/src/main.cpp.o[0m
[ 50%] [32mBuilding CXX object CMakeFiles/rover_telemetry.dir/src/TelemetryNode.cpp.o[0m
[ 75%] [32mBuilding CXX object CMakeFiles/rover_telemetry.dir/src/TelemetrySubsystem.cpp.o[0m
[100%] [32m[1mLinking CXX executable rover_telemetry[0m
[100%] Built target rover_telemetry
-- Install configuration: ""
-- Execute custom install script
-- Symlinking: /home/sudiptabhattacharyareet/ART_Rover_Health_Monitor_Mini_Project/install/rover_telemetry/lib/rover_telemetry/rover_telemetry
-- Symlinking: /home/sudiptabhattacharyareet/ART_Rover_Health_Monitor_Mini_Project/install/rover_telemetry/share/ament_index/resource_index/package_run_dependencies/rover_telemetry
-- Symlinking: /home/sudiptabhattacharyareet/ART_Rover_Health_Monitor_Mini_Project/install/rover_telemetry/share/ament_index/resource_index/parent_prefix_path/rover_telemetry
-- Symlinking: /home/sudiptabhattacharyareet/ART_Rover_Health_Monitor_Mini_Project/install/rover_telemetry/share/rover_telemetry/environment/ament_prefix_path.sh
-- Symlinking: /home/sudiptabhattacharyareet/ART_Rover_Health_Monitor_Mini_Project/install/rover_telemetry/share/rover_telemetry/environment/ament_prefix_path.dsv
-- Symlinking: /home/sudiptabhattacharyareet/ART_Rover_Health_Monitor_Mini_Project/install/rover_telemetry/share/rover_telemetry/environment/path.sh
-- Symlinking: /home/sudiptabhattacharyareet/ART_Rover_Health_Monitor_Mini_Project/install/rover_telemetry/share/rover_telemetry/environment/path.dsv
-- Symlinking: /home/sudiptabhattacharyareet/ART_Rover_Health_Monitor_Mini_Project/install/rover_telemetry/share/rover_telemetry/local_setup.bash
-- Symlinking: /home/sudiptabhattacharyareet/ART_Rover_Health_Monitor_Mini_Project/install/rover_telemetry/share/rover_telemetry/local_setup.sh
-- Symlinking: /home/sudiptabhattacharyareet/ART_Rover_Health_Monitor_Mini_Project/install/rover_telemetry/share/rover_telemetry/local_setup.zsh
-- Symlinking: /home/sudiptabhattacharyareet/ART_Rover_Health_Monitor_Mini_Project/install/rover_telemetry/share/rover_telemetry/local_setup.dsv
-- Symlinking: /home/sudiptabhattacharyareet/ART_Rover_Health_Monitor_Mini_Project/install/rover_telemetry/share/rover_telemetry/package.dsv
-- Symlinking: /home/sudiptabhattacharyareet/ART_Rover_Health_Monitor_Mini_Project/install/rover_telemetry/share/ament_index/resource_index/packages/rover_telemetry
-- Symlinking: /home/sudiptabhattacharyareet/ART_Rover_Health_Monitor_Mini_Project/install/rover_telemetry/share/rover_telemetry/cmake/rover_telemetryConfig.cmake
-- Symlinking: /home/sudiptabhattacharyareet/ART_Rover_Health_Monitor_Mini_Project/install/rover_telemetry/share/rover_telemetry/cmake/rover_telemetryConfig-version.cmake
-- Symlinking: /home/sudiptabhattacharyareet/ART_Rover_Health_Monitor_Mini_Project/install/rover_telemetry/share/rover_telemetry/package.xml
