[0.009s] Invoking command in '/home/sudiptabhattacharyareet/ART_Rover_Health_Monitor_Mini_Project/build/health_monitor': CMAKE_PREFIX_PATH=${CMAKE_PREFIX_PATH}:/opt/ros/humble /usr/bin/cmake --build /home/sudiptabhattacharyareet/ART_Rover_Health_Monitor_Mini_Project/build/health_monitor -- -j8 -l8
[0.107s] [35m[1mConsolidate compiler generated dependencies of target health_monitor[0m
[0.117s] [ 25%] [32mBuilding CXX object CMakeFiles/health_monitor.dir/src/main.cpp.o[0m
[0.117s] [ 50%] [32mBuilding CXX object CMakeFiles/health_monitor.dir/src/HealthMonitorNode.cpp.o[0m
[0.118s] [ 75%] [32mBuilding CXX object CMakeFiles/health_monitor.dir/src/HealthSubsystem.cpp.o[0m
[3.249s] [100%] [32m[1mLinking CXX executable health_monitor[0m
[3.419s] [100%] Built target health_monitor
[3.424s] Invoked command in '/home/sudiptabhattacharyareet/ART_Rover_Health_Monitor_Mini_Project/build/health_monitor' returned '0': CMAKE_PREFIX_PATH=${CMAKE_PREFIX_PATH}:/opt/ros/humble /usr/bin/cmake --build /home/sudiptabhattacharyareet/ART_Rover_Health_Monitor_Mini_Project/build/health_monitor -- -j8 -l8
[3.424s] Invoking command in '/home/sudiptabhattacharyareet/ART_Rover_Health_Monitor_Mini_Project/build/health_monitor': CMAKE_PREFIX_PATH=${CMAKE_PREFIX_PATH}:/opt/ros/humble /usr/bin/cmake --install /home/sudiptabhattacharyareet/ART_Rover_Health_Monitor_Mini_Project/build/health_monitor
[3.427s] -- Install configuration: ""
[3.427s] -- Execute custom install script
[3.427s] -- Up-to-date symlink: /home/sudiptabhattacharyareet/ART_Rover_Health_Monitor_Mini_Project/install/health_monitor/lib/health_monitor/health_monitor
[3.427s] -- Up-to-date symlink: /home/sudiptabhattacharyareet/ART_Rover_Health_Monitor_Mini_Project/install/health_monitor/share/ament_index/resource_index/package_run_dependencies/health_monitor
[3.428s] -- Up-to-date symlink: /home/sudiptabhattacharyareet/ART_Rover_Health_Monitor_Mini_Project/install/health_monitor/share/ament_index/resource_index/parent_prefix_path/health_monitor
[3.428s] -- Up-to-date symlink: /home/sudiptabhattacharyareet/ART_Rover_Health_Monitor_Mini_Project/install/health_monitor/share/health_monitor/environment/ament_prefix_path.sh
[3.428s] -- Up-to-date symlink: /home/sudiptabhattacharyareet/ART_Rover_Health_Monitor_Mini_Project/install/health_monitor/share/health_monitor/environment/ament_prefix_path.dsv
[3.428s] -- Up-to-date symlink: /home/sudiptabhattacharyareet/ART_Rover_Health_Monitor_Mini_Project/install/health_monitor/share/health_monitor/environment/path.sh
[3.428s] -- Up-to-date symlink: /home/sudiptabhattacharyareet/ART_Rover_Health_Monitor_Mini_Project/install/health_monitor/share/health_monitor/environment/path.dsv
[3.428s] -- Up-to-date symlink: /home/sudiptabhattacharyareet/ART_Rover_Health_Monitor_Mini_Project/install/health_monitor/share/health_monitor/local_setup.bash
[3.428s] -- Up-to-date symlink: /home/sudiptabhattacharyareet/ART_Rover_Health_Monitor_Mini_Project/install/health_monitor/share/health_monitor/local_setup.sh
[3.428s] -- Up-to-date symlink: /home/sudiptabhattacharyareet/ART_Rover_Health_Monitor_Mini_Project/install/health_monitor/share/health_monitor/local_setup.zsh
[3.428s] -- Up-to-date symlink: /home/sudiptabhattacharyareet/ART_Rover_Health_Monitor_Mini_Project/install/health_monitor/share/health_monitor/local_setup.dsv
[3.428s] -- Symlinking: /home/sudiptabhattacharyareet/ART_Rover_Health_Monitor_Mini_Project/install/health_monitor/share/health_monitor/package.dsv
[3.431s] -- Up-to-date symlink: /home/sudiptabhattacharyareet/ART_Rover_Health_Monitor_Mini_Project/install/health_monitor/share/ament_index/resource_index/packages/health_monitor
[3.431s] -- Up-to-date symlink: /home/sudiptabhattacharyareet/ART_Rover_Health_Monitor_Mini_Project/install/health_monitor/share/health_monitor/cmake/health_monitorConfig.cmake
[3.431s] -- Up-to-date symlink: /home/sudiptabhattacharyareet/ART_Rover_Health_Monitor_Mini_Project/install/health_monitor/share/health_monitor/cmake/health_monitorConfig-version.cmake
[3.431s] -- Up-to-date symlink: /home/sudiptabhattacharyareet/ART_Rover_Health_Monitor_Mini_Project/install/health_monitor/share/health_monitor/package.xml
[3.432s] Invoked command in '/home/sudiptabhattacharyareet/ART_Rover_Health_Monitor_Mini_Project/build/health_monitor' returned '0': CMAKE_PREFIX_PATH=${CMAKE_PREFIX_PATH}:/opt/ros/humble /usr/bin/cmake --install /home/sudiptabhattacharyareet/ART_Rover_Health_Monitor_Mini_Project/build/health_monitor
