[0.007s] Invoking command in '/home/sudiptabhattacharyareet/ART_Rover_Health_Monitor_Mini_Project/build/rover_telemetry': CMAKE_PREFIX_PATH=${CMAKE_PREFIX_PATH}:/opt/ros/humble /usr/bin/cmake --build /home/sudiptabhattacharyareet/ART_Rover_Health_Monitor_Mini_Project/build/rover_telemetry -- -j8 -l8
[0.028s] [100%] Built target rover_telemetry
[0.032s] Invoked command in '/home/sudiptabhattacharyareet/ART_Rover_Health_Monitor_Mini_Project/build/rover_telemetry' returned '0': CMAKE_PREFIX_PATH=${CMAKE_PREFIX_PATH}:/opt/ros/humble /usr/bin/cmake --build /home/sudiptabhattacharyareet/ART_Rover_Health_Monitor_Mini_Project/build/rover_telemetry -- -j8 -l8
[0.035s] Invoking command in '/home/sudiptabhattacharyareet/ART_Rover_Health_Monitor_Mini_Project/build/rover_telemetry': CMAKE_PREFIX_PATH=${CMAKE_PREFIX_PATH}:/opt/ros/humble /usr/bin/cmake --install /home/sudiptabhattacharyareet/ART_Rover_Health_Monitor_Mini_Project/build/rover_telemetry
[0.038s] -- Install configuration: ""
[0.038s] -- Execute custom install script
[0.038s] -- Up-to-date symlink: /home/sudiptabhattacharyareet/ART_Rover_Health_Monitor_Mini_Project/install/rover_telemetry/lib/rover_telemetry/rover_telemetry
[0.038s] -- Up-to-date symlink: /home/sudiptabhattacharyareet/ART_Rover_Health_Monitor_Mini_Project/install/rover_telemetry/share/ament_index/resource_index/package_run_dependencies/rover_telemetry
[0.038s] -- Up-to-date symlink: /home/sudiptabhattacharyareet/ART_Rover_Health_Monitor_Mini_Project/install/rover_telemetry/share/ament_index/resource_index/parent_prefix_path/rover_telemetry
[0.038s] -- Up-to-date symlink: /home/sudiptabhattacharyareet/ART_Rover_Health_Monitor_Mini_Project/install/rover_telemetry/share/rover_telemetry/environment/ament_prefix_path.sh
[0.038s] -- Up-to-date symlink: /home/sudiptabhattacharyareet/ART_Rover_Health_Monitor_Mini_Project/install/rover_telemetry/share/rover_telemetry/environment/ament_prefix_path.dsv
[0.039s] -- Up-to-date symlink: /home/sudiptabhattacharyareet/ART_Rover_Health_Monitor_Mini_Project/install/rover_telemetry/share/rover_telemetry/environment/path.sh
[0.039s] -- Up-to-date symlink: /home/sudiptabhattacharyareet/ART_Rover_Health_Monitor_Mini_Project/install/rover_telemetry/share/rover_telemetry/environment/path.dsv
[0.039s] -- Up-to-date symlink: /home/sudiptabhattacharyareet/ART_Rover_Health_Monitor_Mini_Project/install/rover_telemetry/share/rover_telemetry/local_setup.bash
[0.039s] -- Up-to-date symlink: /home/sudiptabhattacharyareet/ART_Rover_Health_Monitor_Mini_Project/install/rover_telemetry/share/rover_telemetry/local_setup.sh
[0.039s] -- Up-to-date symlink: /home/sudiptabhattacharyareet/ART_Rover_Health_Monitor_Mini_Project/install/rover_telemetry/share/rover_telemetry/local_setup.zsh
[0.039s] -- Up-to-date symlink: /home/sudiptabhattacharyareet/ART_Rover_Health_Monitor_Mini_Project/install/rover_telemetry/share/rover_telemetry/local_setup.dsv
[0.039s] -- Symlinking: /home/sudiptabhattacharyareet/ART_Rover_Health_Monitor_Mini_Project/install/rover_telemetry/share/rover_telemetry/package.dsv
[0.042s] -- Up-to-date symlink: /home/sudiptabhattacharyareet/ART_Rover_Health_Monitor_Mini_Project/install/rover_telemetry/share/ament_index/resource_index/packages/rover_telemetry
[0.042s] -- Up-to-date symlink: /home/sudiptabhattacharyareet/ART_Rover_Health_Monitor_Mini_Project/install/rover_telemetry/share/rover_telemetry/cmake/rover_telemetryConfig.cmake
[0.042s] -- Up-to-date symlink: /home/sudiptabhattacharyareet/ART_Rover_Health_Monitor_Mini_Project/install/rover_telemetry/share/rover_telemetry/cmake/rover_telemetryConfig-version.cmake
[0.042s] -- Up-to-date symlink: /home/sudiptabhattacharyareet/ART_Rover_Health_Monitor_Mini_Project/install/rover_telemetry/share/rover_telemetry/package.xml
[0.044s] Invoked command in '/home/sudiptabhattacharyareet/ART_Rover_Health_Monitor_Mini_Project/build/rover_telemetry' returned '0': CMAKE_PREFIX_PATH=${CMAKE_PREFIX_PATH}:/opt/ros/humble /usr/bin/cmake --install /home/sudiptabhattacharyareet/ART_Rover_Health_Monitor_Mini_Project/build/rover_telemetry
